Trying for the 1 time to execute the command
CMP build command time: 1 ms
CMP parsing command time: 49 ms
CMP network time: 905 ms
CMP saving certificate to flash: 20 ms
CMP command executed successfully
Trying for the 2 time to execute the command
CMP build command time: 1 ms
CMP parsing command time: 3 ms
CMP network time: 707 ms
CMP saving certificate to flash: 9 ms
CMP command executed successfully
Trying for the 3 time to execute the command
CMP build command time: 1 ms
CMP parsing command time: 4 ms
CMP network time: 667 ms
CMP saving certificate to flash: 14 ms
CMP command executed successfully
Trying for the 4 time to execute the command
CMP build command time: 1 ms
CMP parsing command time: 4 ms
CMP network time: 650 ms
CMP saving certificate to flash: 7 ms
CMP command executed successfully
Trying for the 5 time to execute the command
CMP build command time: 1 ms
CMP parsing command time: 3 ms
CMP network time: 706 ms
CMP saving certificate to flash: 8 ms
CMP command executed successfully
Trying for the 6 time to execute the command
CMP build command time: 1 ms
CMP parsing command time: 4 ms
CMP network time: 650 ms
CMP saving certificate to flash: 8 ms
CMP command executed successfully
Trying for the 7 time to execute the command
CMP build command time: 1 ms
CMP parsing command time: 4 ms
CMP network time: 618 ms
CMP saving certificate to flash: 8 ms
CMP command executed successfully
Trying for the 8 time to execute the command
CMP build command time: 1 ms
CMP parsing command time: 3 ms
CMP network time: 544 ms
CMP saving certificate to flash: 8 ms
CMP command executed successfully
Trying for the 9 time to execute the command
CMP build command time: 1 ms
CMP parsing command time: 3 ms
CMP network time: 632 ms
CMP saving certificate to flash: 8 ms
CMP command executed successfully
Trying for the 10 time to execute the command
CMP build command time: 1 ms
CMP parsing command time: 4 ms
CMP network time: 700 ms
CMP saving certificate to flash: 13 ms
CMP command executed successfully
Trying for the 11 time to execute the command
CMP build command time: 1 ms
CMP parsing command time: 3 ms
CMP network time: 623 ms
CMP saving certificate to flash: 12 ms
CMP command executed successfully
Trying for the 12 time to execute the command
CMP build command time: 1 ms
CMP parsing command time: 4 ms
CMP network time: 703 ms
CMP saving certificate to flash: 7 ms
CMP command executed successfully
Trying for the 13 time to execute the command
CMP build command time: 1 ms
CMP parsing command time: 3 ms
CMP network time: 709 ms
CMP saving certificate to flash: 9 ms
CMP command executed successfully
Trying for the 14 time to execute the command
CMP build command time: 1 ms
CMP parsing command time: 3 ms
CMP network time: 615 ms
CMP saving certificate to flash: 7 ms
CMP command executed successfully
Trying for the 15 time to execute the command
CMP build command time: 1 ms
CMP parsing command time: 4 ms
CMP network time: 643 ms
CMP saving certificate to flash: 8 ms
CMP command executed successfully
Trying for the 16 time to execute the command
CMP build command time: 1 ms
CMP parsing command time: 3 ms
CMP network time: 690 ms
CMP saving certificate to flash: 8 ms
CMP command executed successfully
Trying for the 17 time to execute the command
CMP build command time: 1 ms
CMP parsing command time: 5 ms
CMP network time: 615 ms
CMP saving certificate to flash: 8 ms
CMP command executed successfully
Trying for the 18 time to execute the command
CMP build command time: 1 ms
CMP parsing command time: 5 ms
CMP network time: 706 ms
CMP saving certificate to flash: 7 ms
CMP command executed successfully
Trying for the 19 time to execute the command
CMP build command time: 1 ms
CMP parsing command time: 3 ms
CMP network time: 577 ms
CMP saving certificate to flash: 7 ms
CMP command executed successfully
Trying for the 20 time to execute the command
CMP build command time: 1 ms
CMP parsing command time: 4 ms
CMP network time: 604 ms
CMP saving certificate to flash: 8 ms
CMP command executed successfully
Trying for the 21 time to execute the command
CMP build command time: 1 ms
CMP parsing command time: 4 ms
CMP network time: 547 ms
CMP saving certificate to flash: 17 ms
CMP command executed successfully
Trying for the 22 time to execute the command
CMP build command time: 1 ms
CMP parsing command time: 4 ms
CMP network time: 596 ms
CMP saving certificate to flash: 8 ms
CMP command executed successfully
Trying for the 23 time to execute the command
CMP build command time: 1 ms
CMP parsing command time: 4 ms
CMP network time: 571 ms
CMP saving certificate to flash: 8 ms
CMP command executed successfully
Trying for the 24 time to execute the command
CMP build command time: 1 ms
CMP parsing command time: 4 ms
CMP network time: 559 ms
CMP saving certificate to flash: 7 ms
CMP command executed successfully
Trying for the 25 time to execute the command
CMP build command time: 1 ms
CMP parsing command time: 3 ms
CMP network time: 635 ms
CMP saving certificate to flash: 7 ms
CMP command executed successfully
Trying for the 26 time to execute the command
CMP build command time: 1 ms
CMP parsing command time: 4 ms
CMP network time: 561 ms
CMP saving certificate to flash: 7 ms
CMP command executed successfully
Trying for the 27 time to execute the command
CMP build command time: 1 ms
CMP parsing command time: 4 ms
CMP network time: 571 ms
CMP saving certificate to flash: 8 ms
CMP command executed successfully
Trying for the 28 time to execute the command
CMP build command time: 1 ms
CMP parsing command time: 4 ms
CMP network time: 590 ms
CMP saving certificate to flash: 8 ms
CMP command executed successfully
Trying for the 29 time to execute the command
CMP build command time: 1 ms
CMP parsing command time: 3 ms
CMP network time: 589 ms
CMP saving certificate to flash: 7 ms
CMP command executed successfully
Trying for the 30 time to execute the command
CMP build command time: 1 ms
CMP parsing command time: 4 ms
CMP network time: 657 ms
CMP saving certificate to flash: 19 ms
CMP command executed successfully
Trying for the 31 time to execute the command
CMP build command time: 1 ms
CMP parsing command time: 3 ms
CMP network time: 652 ms
CMP saving certificate to flash: 7 ms
CMP command executed successfully
Trying for the 32 time to execute the command
CMP build command time: 1 ms
CMP parsing command time: 3 ms
CMP network time: 692 ms
CMP saving certificate to flash: 8 ms
CMP command executed successfully
Trying for the 33 time to execute the command
CMP build command time: 1 ms
CMP parsing command time: 3 ms
CMP network time: 539 ms
CMP saving certificate to flash: 9 ms
CMP command executed successfully
Trying for the 34 time to execute the command
CMP build command time: 1 ms
CMP parsing command time: 3 ms
CMP network time: 618 ms
CMP saving certificate to flash: 7 ms
CMP command executed successfully
Trying for the 35 time to execute the command
CMP build command time: 1 ms
CMP parsing command time: 4 ms
CMP network time: 559 ms
CMP saving certificate to flash: 6 ms
CMP command executed successfully
Trying for the 36 time to execute the command
CMP build command time: 2 ms
CMP parsing command time: 3 ms
CMP network time: 701 ms
CMP saving certificate to flash: 8 ms
CMP command executed successfully
Trying for the 37 time to execute the command
CMP build command time: 2 ms
CMP parsing command time: 5 ms
CMP network time: 605 ms
CMP saving certificate to flash: 8 ms
CMP command executed successfully
Trying for the 38 time to execute the command
CMP build command time: 1 ms
CMP parsing command time: 4 ms
CMP network time: 670 ms
CMP saving certificate to flash: 9 ms
CMP command executed successfully
Trying for the 39 time to execute the command
CMP build command time: 1 ms
CMP parsing command time: 3 ms
CMP network time: 756 ms
CMP saving certificate to flash: 7 ms
CMP command executed successfully
Trying for the 40 time to execute the command
CMP build command time: 1 ms
CMP parsing command time: 4 ms
CMP network time: 588 ms
CMP saving certificate to flash: 9 ms
CMP command executed successfully
Trying for the 41 time to execute the command
CMP build command time: 1 ms
CMP parsing command time: 3 ms
CMP network time: 635 ms
CMP saving certificate to flash: 8 ms
CMP command executed successfully
Trying for the 42 time to execute the command
CMP build command time: 1 ms
CMP parsing command time: 3 ms
CMP network time: 601 ms
CMP saving certificate to flash: 10 ms
CMP command executed successfully
Trying for the 43 time to execute the command
CMP build command time: 1 ms
CMP parsing command time: 3 ms
CMP network time: 559 ms
CMP saving certificate to flash: 7 ms
CMP command executed successfully
Trying for the 44 time to execute the command
CMP build command time: 1 ms
CMP parsing command time: 3 ms
CMP network time: 635 ms
CMP saving certificate to flash: 8 ms
CMP command executed successfully
Trying for the 45 time to execute the command
CMP build command time: 1 ms
CMP parsing command time: 5 ms
CMP network time: 678 ms
CMP saving certificate to flash: 8 ms
CMP command executed successfully
Trying for the 46 time to execute the command
CMP build command time: 1 ms
CMP parsing command time: 5 ms
CMP network time: 687 ms
CMP saving certificate to flash: 9 ms
CMP command executed successfully
Trying for the 47 time to execute the command
CMP build command time: 1 ms
CMP parsing command time: 4 ms
CMP network time: 579 ms
CMP saving certificate to flash: 9 ms
CMP command executed successfully
Trying for the 48 time to execute the command
CMP build command time: 1 ms
CMP parsing command time: 3 ms
CMP network time: 661 ms
CMP saving certificate to flash: 11 ms
CMP command executed successfully
Trying for the 49 time to execute the command
CMP build command time: 1 ms
CMP parsing command time: 3 ms
CMP network time: 624 ms
CMP saving certificate to flash: 8 ms
CMP command executed successfully
Trying for the 50 time to execute the command
CMP build command time: 1 ms
CMP parsing command time: 3 ms
CMP network time: 523 ms
CMP saving certificate to flash: 7 ms
CMP command executed successfully
Trying for the 51 time to execute the command
CMP build command time: 1 ms
CMP parsing command time: 4 ms
CMP network time: 660 ms
CMP saving certificate to flash: 7 ms
CMP command executed successfully
Trying for the 52 time to execute the command
CMP build command time: 1 ms
CMP parsing command time: 4 ms
CMP network time: 725 ms
CMP saving certificate to flash: 6 ms
CMP command executed successfully
Trying for the 53 time to execute the command
CMP build command time: 1 ms
CMP parsing command time: 3 ms
CMP network time: 526 ms
CMP saving certificate to flash: 9 ms
CMP command executed successfully
Trying for the 54 time to execute the command
CMP build command time: 1 ms
CMP parsing command time: 4 ms
CMP network time: 689 ms
CMP saving certificate to flash: 11 ms
CMP command executed successfully
Trying for the 55 time to execute the command
CMP build command time: 1 ms
CMP parsing command time: 3 ms
CMP network time: 567 ms
CMP saving certificate to flash: 8 ms
CMP command executed successfully
Trying for the 56 time to execute the command
CMP build command time: 1 ms
CMP parsing command time: 4 ms
CMP network time: 664 ms
CMP saving certificate to flash: 7 ms
CMP command executed successfully
Trying for the 57 time to execute the command
CMP build command time: 1 ms
CMP parsing command time: 4 ms
CMP network time: 763 ms
CMP saving certificate to flash: 8 ms
CMP command executed successfully
Trying for the 58 time to execute the command
CMP build command time: 1 ms
CMP parsing command time: 4 ms
CMP network time: 636 ms
CMP saving certificate to flash: 7 ms
CMP command executed successfully
Trying for the 59 time to execute the command
CMP build command time: 1 ms
CMP parsing command time: 3 ms
CMP network time: 604 ms
CMP saving certificate to flash: 8 ms
CMP command executed successfully
Trying for the 60 time to execute the command
CMP build command time: 1 ms
CMP parsing command time: 3 ms
CMP network time: 739 ms
CMP saving certificate to flash: 7 ms
CMP command executed successfully
Trying for the 61 time to execute the command
CMP build command time: 1 ms
CMP parsing command time: 3 ms
CMP network time: 589 ms
CMP saving certificate to flash: 7 ms
CMP command executed successfully
Trying for the 62 time to execute the command
CMP build command time: 1 ms
CMP parsing command time: 4 ms
CMP network time: 602 ms
CMP saving certificate to flash: 8 ms
CMP command executed successfully
Trying for the 63 time to execute the command
CMP build command time: 1 ms
CMP parsing command time: 3 ms
CMP network time: 702 ms
CMP saving certificate to flash: 18 ms
CMP command executed successfully
Trying for the 64 time to execute the command
CMP build command time: 1 ms
CMP parsing command time: 4 ms
CMP network time: 589 ms
CMP saving certificate to flash: 10 ms
CMP command executed successfully
Trying for the 65 time to execute the command
CMP build command time: 1 ms
CMP parsing command time: 4 ms
CMP network time: 703 ms
CMP saving certificate to flash: 7 ms
CMP command executed successfully
Trying for the 66 time to execute the command
CMP build command time: 1 ms
CMP parsing command time: 4 ms
CMP network time: 704 ms
CMP saving certificate to flash: 7 ms
CMP command executed successfully
Trying for the 67 time to execute the command
CMP build command time: 1 ms
CMP parsing command time: 4 ms
CMP network time: 705 ms
CMP saving certificate to flash: 7 ms
CMP command executed successfully
Trying for the 68 time to execute the command
CMP build command time: 1 ms
CMP parsing command time: 3 ms
CMP network time: 652 ms
CMP saving certificate to flash: 8 ms
CMP command executed successfully
Trying for the 69 time to execute the command
CMP build command time: 1 ms
CMP parsing command time: 5 ms
CMP network time: 637 ms
CMP saving certificate to flash: 9 ms
CMP command executed successfully
Trying for the 70 time to execute the command
CMP build command time: 1 ms
CMP parsing command time: 5 ms
CMP network time: 599 ms
CMP saving certificate to flash: 8 ms
CMP command executed successfully
Trying for the 71 time to execute the command
CMP build command time: 1 ms
CMP parsing command time: 3 ms
CMP network time: 605 ms
CMP saving certificate to flash: 7 ms
CMP command executed successfully
Trying for the 72 time to execute the command
CMP build command time: 1 ms
CMP parsing command time: 8 ms
CMP network time: 693 ms
CMP saving certificate to flash: 7 ms
CMP command executed successfully
Trying for the 73 time to execute the command
CMP build command time: 1 ms
CMP parsing command time: 3 ms
CMP network time: 541 ms
CMP saving certificate to flash: 8 ms
CMP command executed successfully
Trying for the 74 time to execute the command
CMP build command time: 1 ms
CMP parsing command time: 3 ms
CMP network time: 592 ms
CMP saving certificate to flash: 8 ms
CMP command executed successfully
Trying for the 75 time to execute the command
CMP build command time: 1 ms
CMP parsing command time: 3 ms
CMP network time: 650 ms
CMP saving certificate to flash: 8 ms
CMP command executed successfully
Trying for the 76 time to execute the command
CMP build command time: 1 ms
CMP parsing command time: 3 ms
CMP network time: 630 ms
CMP saving certificate to flash: 7 ms
CMP command executed successfully
Trying for the 77 time to execute the command
CMP build command time: 1 ms
CMP parsing command time: 4 ms
CMP network time: 602 ms
CMP saving certificate to flash: 8 ms
CMP command executed successfully
Trying for the 78 time to execute the command
CMP build command time: 1 ms
CMP parsing command time: 5 ms
CMP network time: 558 ms
CMP saving certificate to flash: 8 ms
CMP command executed successfully
Trying for the 79 time to execute the command
CMP build command time: 1 ms
CMP parsing command time: 3 ms
CMP network time: 687 ms
CMP saving certificate to flash: 8 ms
CMP command executed successfully
Trying for the 80 time to execute the command
CMP build command time: 1 ms
CMP parsing command time: 4 ms
CMP network time: 534 ms
CMP saving certificate to flash: 8 ms
CMP command executed successfully
Trying for the 81 time to execute the command
CMP build command time: 1 ms
CMP parsing command time: 3 ms
CMP network time: 594 ms
CMP saving certificate to flash: 8 ms
CMP command executed successfully
Trying for the 82 time to execute the command
CMP build command time: 1 ms
CMP parsing command time: 4 ms
CMP network time: 541 ms
CMP saving certificate to flash: 8 ms
CMP command executed successfully
Trying for the 83 time to execute the command
CMP build command time: 1 ms
CMP parsing command time: 3 ms
CMP network time: 677 ms
CMP saving certificate to flash: 8 ms
CMP command executed successfully
Trying for the 84 time to execute the command
CMP build command time: 1 ms
CMP parsing command time: 3 ms
CMP network time: 580 ms
CMP saving certificate to flash: 7 ms
CMP command executed successfully
Trying for the 85 time to execute the command
CMP build command time: 1 ms
CMP parsing command time: 4 ms
CMP network time: 630 ms
CMP saving certificate to flash: 8 ms
CMP command executed successfully
Trying for the 86 time to execute the command
CMP build command time: 1 ms
CMP parsing command time: 4 ms
CMP network time: 691 ms
CMP saving certificate to flash: 15 ms
CMP command executed successfully
Trying for the 87 time to execute the command
CMP build command time: 1 ms
CMP parsing command time: 3 ms
CMP network time: 623 ms
CMP saving certificate to flash: 8 ms
CMP command executed successfully
Trying for the 88 time to execute the command
CMP build command time: 1 ms
CMP parsing command time: 5 ms
CMP network time: 666 ms
CMP saving certificate to flash: 8 ms
CMP command executed successfully
Trying for the 89 time to execute the command
CMP build command time: 1 ms
CMP parsing command time: 3 ms
CMP network time: 642 ms
CMP saving certificate to flash: 8 ms
CMP command executed successfully
Trying for the 90 time to execute the command
CMP build command time: 1 ms
CMP parsing command time: 3 ms
CMP network time: 711 ms
CMP saving certificate to flash: 10 ms
CMP command executed successfully
Trying for the 91 time to execute the command
CMP build command time: 1 ms
CMP parsing command time: 4 ms
CMP network time: 894 ms
CMP saving certificate to flash: 8 ms
CMP command executed successfully
Trying for the 92 time to execute the command
CMP build command time: 1 ms
CMP parsing command time: 3 ms
CMP network time: 625 ms
CMP saving certificate to flash: 7 ms
CMP command executed successfully
Trying for the 93 time to execute the command
CMP build command time: 1 ms
CMP parsing command time: 3 ms
CMP network time: 701 ms
CMP saving certificate to flash: 8 ms
CMP command executed successfully
Trying for the 94 time to execute the command
CMP build command time: 1 ms
CMP parsing command time: 3 ms
CMP network time: 620 ms
CMP saving certificate to flash: 8 ms
CMP command executed successfully
Trying for the 95 time to execute the command
CMP build command time: 1 ms
CMP parsing command time: 4 ms
CMP network time: 683 ms
CMP saving certificate to flash: 11 ms
CMP command executed successfully
Trying for the 96 time to execute the command
CMP build command time: 1 ms
CMP parsing command time: 5 ms
CMP network time: 720 ms
CMP saving certificate to flash: 7 ms
CMP command executed successfully
Trying for the 97 time to execute the command
CMP build command time: 1 ms
CMP parsing command time: 4 ms
CMP network time: 684 ms
CMP saving certificate to flash: 8 ms
CMP command executed successfully
Trying for the 98 time to execute the command
CMP build command time: 1 ms
CMP parsing command time: 3 ms
CMP network time: 603 ms
CMP saving certificate to flash: 6 ms
CMP command executed successfully
Trying for the 99 time to execute the command
CMP build command time: 1 ms
CMP parsing command time: 4 ms
CMP network time: 647 ms
CMP saving certificate to flash: 8 ms
CMP command executed successfully
Trying for the 100 time to execute the command
CMP build command time: 1 ms
CMP parsing command time: 4 ms
CMP network time: 631 ms
CMP saving certificate to flash: 8 ms
CMP command executed successfully
