Trying for the 1 time to execute the command
CMP build command time: 1 ms
CMP parsing command time: 59 ms
CMP network time: 1036 ms
CMP saving certificate to flash: 20 ms
CMP command executed successfully
Trying for the 2 time to execute the command
CMP build command time: 1 ms
CMP parsing command time: 8 ms
CMP network time: 809 ms
CMP saving certificate to flash: 8 ms
CMP command executed successfully
Trying for the 3 time to execute the command
CMP build command time: 1 ms
CMP parsing command time: 18 ms
CMP network time: 924 ms
CMP saving certificate to flash: 8 ms
CMP command executed successfully
Trying for the 4 time to execute the command
CMP build command time: 1 ms
CMP parsing command time: 8 ms
CMP network time: 900 ms
CMP saving certificate to flash: 7 ms
CMP command executed successfully
Trying for the 5 time to execute the command
CMP build command time: 1 ms
CMP parsing command time: 8 ms
CMP network time: 902 ms
CMP saving certificate to flash: 7 ms
CMP command executed successfully
Trying for the 6 time to execute the command
CMP build command time: 1 ms
CMP parsing command time: 9 ms
CMP network time: 808 ms
CMP saving certificate to flash: 8 ms
CMP command executed successfully
Trying for the 7 time to execute the command
CMP build command time: 1 ms
CMP parsing command time: 8 ms
CMP network time: 922 ms
CMP saving certificate to flash: 10 ms
CMP command executed successfully
Trying for the 8 time to execute the command
CMP build command time: 1 ms
CMP parsing command time: 10 ms
CMP network time: 858 ms
CMP saving certificate to flash: 8 ms
CMP command executed successfully
Trying for the 9 time to execute the command
CMP build command time: 1 ms
CMP parsing command time: 10 ms
CMP network time: 863 ms
CMP saving certificate to flash: 8 ms
CMP command executed successfully
Trying for the 10 time to execute the command
CMP build command time: 1 ms
CMP parsing command time: 13 ms
CMP network time: 914 ms
CMP saving certificate to flash: 22 ms
CMP command executed successfully
Trying for the 11 time to execute the command
CMP build command time: 1 ms
CMP parsing command time: 10 ms
CMP network time: 851 ms
CMP saving certificate to flash: 7 ms
CMP command executed successfully
Trying for the 12 time to execute the command
CMP build command time: 1 ms
CMP parsing command time: 7 ms
CMP network time: 822 ms
CMP saving certificate to flash: 10 ms
CMP command executed successfully
Trying for the 13 time to execute the command
CMP build command time: 1 ms
CMP parsing command time: 8 ms
CMP network time: 989 ms
CMP saving certificate to flash: 8 ms
CMP command executed successfully
Trying for the 14 time to execute the command
CMP build command time: 1 ms
CMP parsing command time: 8 ms
CMP network time: 803 ms
CMP saving certificate to flash: 8 ms
CMP command executed successfully
Trying for the 15 time to execute the command
CMP build command time: 1 ms
CMP parsing command time: 8 ms
CMP network time: 918 ms
CMP saving certificate to flash: 7 ms
CMP command executed successfully
Trying for the 16 time to execute the command
CMP build command time: 1 ms
CMP parsing command time: 9 ms
CMP network time: 890 ms
CMP saving certificate to flash: 11 ms
CMP command executed successfully
Trying for the 17 time to execute the command
CMP build command time: 1 ms
CMP parsing command time: 8 ms
CMP network time: 818 ms
CMP saving certificate to flash: 7 ms
CMP command executed successfully
Trying for the 18 time to execute the command
CMP build command time: 1 ms
CMP parsing command time: 8 ms
CMP network time: 803 ms
CMP saving certificate to flash: 14 ms
CMP command executed successfully
Trying for the 19 time to execute the command
CMP build command time: 1 ms
CMP parsing command time: 8 ms
CMP network time: 851 ms
CMP saving certificate to flash: 7 ms
CMP command executed successfully
Trying for the 20 time to execute the command
CMP build command time: 1 ms
CMP parsing command time: 6 ms
CMP network time: 958 ms
CMP saving certificate to flash: 8 ms
CMP command executed successfully
Trying for the 21 time to execute the command
CMP build command time: 1 ms
CMP parsing command time: 7 ms
CMP network time: 892 ms
CMP saving certificate to flash: 7 ms
CMP command executed successfully
Trying for the 22 time to execute the command
CMP build command time: 1 ms
CMP parsing command time: 7 ms
CMP network time: 824 ms
CMP saving certificate to flash: 7 ms
CMP command executed successfully
Trying for the 23 time to execute the command
CMP build command time: 1 ms
CMP parsing command time: 10 ms
CMP network time: 817 ms
CMP saving certificate to flash: 6 ms
CMP command executed successfully
Trying for the 24 time to execute the command
CMP build command time: 1 ms
CMP parsing command time: 5 ms
CMP network time: 892 ms
CMP saving certificate to flash: 8 ms
CMP command executed successfully
Trying for the 25 time to execute the command
CMP build command time: 1 ms
CMP parsing command time: 43 ms
CMP network time: 881 ms
CMP saving certificate to flash: 8 ms
CMP command executed successfully
Trying for the 26 time to execute the command
CMP build command time: 1 ms
CMP parsing command time: 7 ms
CMP network time: 844 ms
CMP saving certificate to flash: 7 ms
CMP command executed successfully
Trying for the 27 time to execute the command
CMP build command time: 1 ms
CMP parsing command time: 10 ms
CMP network time: 906 ms
CMP saving certificate to flash: 9 ms
CMP command executed successfully
Trying for the 28 time to execute the command
CMP build command time: 1 ms
CMP parsing command time: 7 ms
CMP network time: 817 ms
CMP saving certificate to flash: 7 ms
CMP command executed successfully
Trying for the 29 time to execute the command
CMP build command time: 2 ms
CMP parsing command time: 8 ms
CMP network time: 903 ms
CMP saving certificate to flash: 8 ms
CMP command executed successfully
Trying for the 30 time to execute the command
CMP build command time: 1 ms
CMP parsing command time: 6 ms
CMP network time: 791 ms
CMP saving certificate to flash: 7 ms
CMP command executed successfully
Trying for the 31 time to execute the command
CMP build command time: 1 ms
CMP parsing command time: 8 ms
CMP network time: 847 ms
CMP saving certificate to flash: 7 ms
CMP command executed successfully
Trying for the 32 time to execute the command
CMP build command time: 1 ms
CMP parsing command time: 9 ms
CMP network time: 898 ms
CMP saving certificate to flash: 7 ms
CMP command executed successfully
Trying for the 33 time to execute the command
CMP build command time: 1 ms
CMP parsing command time: 8 ms
CMP network time: 839 ms
CMP saving certificate to flash: 6 ms
CMP command executed successfully
Trying for the 34 time to execute the command
CMP build command time: 1 ms
CMP parsing command time: 9 ms
CMP network time: 840 ms
CMP saving certificate to flash: 9 ms
CMP command executed successfully
Trying for the 35 time to execute the command
CMP build command time: 1 ms
CMP parsing command time: 5 ms
CMP network time: 881 ms
CMP saving certificate to flash: 7 ms
CMP command executed successfully
Trying for the 36 time to execute the command
CMP build command time: 1 ms
CMP parsing command time: 6 ms
CMP network time: 821 ms
CMP saving certificate to flash: 12 ms
CMP command executed successfully
Trying for the 37 time to execute the command
CMP build command time: 1 ms
CMP parsing command time: 13 ms
CMP network time: 815 ms
CMP saving certificate to flash: 12 ms
CMP command executed successfully
Trying for the 38 time to execute the command
CMP build command time: 1 ms
CMP parsing command time: 8 ms
CMP network time: 859 ms
CMP saving certificate to flash: 7 ms
CMP command executed successfully
Trying for the 39 time to execute the command
CMP build command time: 1 ms
CMP parsing command time: 6 ms
CMP network time: 846 ms
CMP saving certificate to flash: 8 ms
CMP command executed successfully
Trying for the 40 time to execute the command
CMP build command time: 1 ms
CMP parsing command time: 6 ms
CMP network time: 856 ms
CMP saving certificate to flash: 7 ms
CMP command executed successfully
Trying for the 41 time to execute the command
CMP build command time: 1 ms
CMP parsing command time: 9 ms
CMP network time: 855 ms
CMP saving certificate to flash: 10 ms
CMP command executed successfully
Trying for the 42 time to execute the command
CMP build command time: 1 ms
CMP parsing command time: 8 ms
CMP network time: 851 ms
CMP saving certificate to flash: 6 ms
CMP command executed successfully
Trying for the 43 time to execute the command
CMP build command time: 1 ms
CMP parsing command time: 7 ms
CMP network time: 843 ms
CMP saving certificate to flash: 7 ms
CMP command executed successfully
Trying for the 44 time to execute the command
CMP build command time: 1 ms
CMP parsing command time: 8 ms
CMP network time: 907 ms
CMP saving certificate to flash: 13 ms
CMP command executed successfully
Trying for the 45 time to execute the command
CMP build command time: 1 ms
CMP parsing command time: 7 ms
CMP network time: 875 ms
CMP saving certificate to flash: 6 ms
CMP command executed successfully
Trying for the 46 time to execute the command
CMP build command time: 1 ms
CMP parsing command time: 8 ms
CMP network time: 871 ms
CMP saving certificate to flash: 8 ms
CMP command executed successfully
Trying for the 47 time to execute the command
CMP build command time: 1 ms
CMP parsing command time: 7 ms
CMP network time: 1130 ms
CMP saving certificate to flash: 8 ms
CMP command executed successfully
Trying for the 48 time to execute the command
CMP build command time: 1 ms
CMP parsing command time: 8 ms
CMP network time: 843 ms
CMP saving certificate to flash: 12 ms
CMP command executed successfully
Trying for the 49 time to execute the command
CMP build command time: 1 ms
CMP parsing command time: 15 ms
CMP network time: 829 ms
CMP saving certificate to flash: 7 ms
CMP command executed successfully
Trying for the 50 time to execute the command
CMP build command time: 1 ms
CMP parsing command time: 8 ms
CMP network time: 952 ms
CMP saving certificate to flash: 8 ms
CMP command executed successfully
Trying for the 51 time to execute the command
CMP build command time: 1 ms
CMP parsing command time: 8 ms
CMP network time: 848 ms
CMP saving certificate to flash: 7 ms
CMP command executed successfully
Trying for the 52 time to execute the command
CMP build command time: 1 ms
CMP parsing command time: 7 ms
CMP network time: 835 ms
CMP saving certificate to flash: 8 ms
CMP command executed successfully
Trying for the 53 time to execute the command
CMP build command time: 1 ms
CMP parsing command time: 7 ms
CMP network time: 835 ms
CMP saving certificate to flash: 8 ms
CMP command executed successfully
Trying for the 54 time to execute the command
CMP build command time: 1 ms
CMP parsing command time: 10 ms
CMP network time: 806 ms
CMP saving certificate to flash: 8 ms
CMP command executed successfully
Trying for the 55 time to execute the command
CMP build command time: 1 ms
CMP parsing command time: 9 ms
CMP network time: 935 ms
CMP saving certificate to flash: 8 ms
CMP command executed successfully
Trying for the 56 time to execute the command
CMP build command time: 1 ms
CMP parsing command time: 8 ms
CMP network time: 880 ms
CMP saving certificate to flash: 9 ms
CMP command executed successfully
Trying for the 57 time to execute the command
CMP build command time: 1 ms
CMP parsing command time: 9 ms
CMP network time: 947 ms
CMP saving certificate to flash: 8 ms
CMP command executed successfully
Trying for the 58 time to execute the command
CMP build command time: 1 ms
CMP parsing command time: 7 ms
CMP network time: 966 ms
CMP saving certificate to flash: 8 ms
CMP command executed successfully
Trying for the 59 time to execute the command
CMP build command time: 1 ms
CMP parsing command time: 9 ms
CMP network time: 854 ms
CMP saving certificate to flash: 7 ms
CMP command executed successfully
Trying for the 60 time to execute the command
CMP build command time: 1 ms
CMP parsing command time: 9 ms
CMP network time: 874 ms
CMP saving certificate to flash: 16 ms
CMP command executed successfully
Trying for the 61 time to execute the command
CMP build command time: 1 ms
CMP parsing command time: 9 ms
CMP network time: 817 ms
CMP saving certificate to flash: 8 ms
CMP command executed successfully
Trying for the 62 time to execute the command
CMP build command time: 1 ms
CMP parsing command time: 9 ms
CMP network time: 917 ms
CMP saving certificate to flash: 8 ms
CMP command executed successfully
Trying for the 63 time to execute the command
CMP build command time: 1 ms
CMP parsing command time: 8 ms
CMP network time: 932 ms
CMP saving certificate to flash: 8 ms
CMP command executed successfully
Trying for the 64 time to execute the command
CMP build command time: 1 ms
CMP parsing command time: 10 ms
CMP network time: 942 ms
CMP saving certificate to flash: 7 ms
CMP command executed successfully
Trying for the 65 time to execute the command
CMP build command time: 1 ms
CMP parsing command time: 8 ms
CMP network time: 914 ms
CMP saving certificate to flash: 7 ms
CMP command executed successfully
Trying for the 66 time to execute the command
CMP build command time: 1 ms
CMP parsing command time: 9 ms
CMP network time: 874 ms
CMP saving certificate to flash: 6 ms
CMP command executed successfully
Trying for the 67 time to execute the command
CMP build command time: 1 ms
CMP parsing command time: 6 ms
CMP network time: 881 ms
CMP saving certificate to flash: 8 ms
CMP command executed successfully
Trying for the 68 time to execute the command
CMP build command time: 1 ms
CMP parsing command time: 8 ms
CMP network time: 824 ms
CMP saving certificate to flash: 6 ms
CMP command executed successfully
Trying for the 69 time to execute the command
CMP build command time: 1 ms
CMP parsing command time: 6 ms
CMP network time: 879 ms
CMP saving certificate to flash: 7 ms
CMP command executed successfully
Trying for the 70 time to execute the command
CMP build command time: 1 ms
CMP parsing command time: 10 ms
CMP network time: 923 ms
CMP saving certificate to flash: 8 ms
CMP command executed successfully
Trying for the 71 time to execute the command
CMP build command time: 1 ms
CMP parsing command time: 10 ms
CMP network time: 900 ms
CMP saving certificate to flash: 7 ms
CMP command executed successfully
Trying for the 72 time to execute the command
CMP build command time: 1 ms
CMP parsing command time: 8 ms
CMP network time: 900 ms
CMP saving certificate to flash: 7 ms
CMP command executed successfully
Trying for the 73 time to execute the command
CMP build command time: 1 ms
CMP parsing command time: 7 ms
CMP network time: 886 ms
CMP saving certificate to flash: 7 ms
CMP command executed successfully
Trying for the 74 time to execute the command
CMP build command time: 1 ms
CMP parsing command time: 11 ms
CMP network time: 904 ms
CMP saving certificate to flash: 7 ms
CMP command executed successfully
Trying for the 75 time to execute the command
CMP build command time: 1 ms
CMP parsing command time: 9 ms
CMP network time: 882 ms
CMP saving certificate to flash: 9 ms
CMP command executed successfully
Trying for the 76 time to execute the command
CMP build command time: 1 ms
CMP parsing command time: 10 ms
CMP network time: 798 ms
CMP saving certificate to flash: 8 ms
CMP command executed successfully
Trying for the 77 time to execute the command
CMP build command time: 1 ms
CMP parsing command time: 13 ms
CMP network time: 987 ms
CMP saving certificate to flash: 13 ms
CMP command executed successfully
Trying for the 78 time to execute the command
CMP build command time: 1 ms
CMP parsing command time: 6 ms
CMP network time: 970 ms
CMP saving certificate to flash: 10 ms
CMP command executed successfully
Trying for the 79 time to execute the command
CMP build command time: 1 ms
CMP parsing command time: 6 ms
CMP network time: 802 ms
CMP saving certificate to flash: 8 ms
CMP command executed successfully
Trying for the 80 time to execute the command
CMP build command time: 1 ms
CMP parsing command time: 6 ms
CMP network time: 802 ms
CMP saving certificate to flash: 8 ms
CMP command executed successfully
Trying for the 81 time to execute the command
CMP build command time: 1 ms
CMP parsing command time: 7 ms
CMP network time: 957 ms
CMP saving certificate to flash: 8 ms
CMP command executed successfully
Trying for the 82 time to execute the command
CMP build command time: 1 ms
CMP parsing command time: 8 ms
CMP network time: 1078 ms
CMP saving certificate to flash: 9 ms
CMP command executed successfully
Trying for the 83 time to execute the command
CMP build command time: 1 ms
CMP parsing command time: 10 ms
CMP network time: 891 ms
CMP saving certificate to flash: 8 ms
CMP command executed successfully
Trying for the 84 time to execute the command
CMP build command time: 1 ms
CMP parsing command time: 10 ms
CMP network time: 892 ms
CMP saving certificate to flash: 6 ms
CMP command executed successfully
Trying for the 85 time to execute the command
CMP build command time: 1 ms
CMP parsing command time: 7 ms
CMP network time: 828 ms
CMP saving certificate to flash: 9 ms
CMP command executed successfully
Trying for the 86 time to execute the command
CMP build command time: 1 ms
CMP parsing command time: 10 ms
CMP network time: 794 ms
CMP saving certificate to flash: 6 ms
CMP command executed successfully
Trying for the 87 time to execute the command
CMP build command time: 1 ms
CMP parsing command time: 10 ms
CMP network time: 958 ms
CMP saving certificate to flash: 7 ms
CMP command executed successfully
Trying for the 88 time to execute the command
CMP build command time: 1 ms
CMP parsing command time: 9 ms
CMP network time: 893 ms
CMP saving certificate to flash: 9 ms
CMP command executed successfully
Trying for the 89 time to execute the command
CMP build command time: 1 ms
CMP parsing command time: 9 ms
CMP network time: 982 ms
CMP saving certificate to flash: 8 ms
CMP command executed successfully
Trying for the 90 time to execute the command
CMP build command time: 1 ms
CMP parsing command time: 8 ms
CMP network time: 978 ms
CMP saving certificate to flash: 7 ms
CMP command executed successfully
Trying for the 91 time to execute the command
CMP build command time: 1 ms
CMP parsing command time: 8 ms
CMP network time: 817 ms
CMP saving certificate to flash: 7 ms
CMP command executed successfully
Trying for the 92 time to execute the command
CMP build command time: 1 ms
CMP parsing command time: 10 ms
CMP network time: 835 ms
CMP saving certificate to flash: 9 ms
CMP command executed successfully
Trying for the 93 time to execute the command
CMP build command time: 1 ms
CMP parsing command time: 8 ms
CMP network time: 941 ms
CMP saving certificate to flash: 8 ms
CMP command executed successfully
Trying for the 94 time to execute the command
CMP build command time: 1 ms
CMP parsing command time: 8 ms
CMP network time: 975 ms
CMP saving certificate to flash: 6 ms
CMP command executed successfully
Trying for the 95 time to execute the command
CMP build command time: 1 ms
CMP parsing command time: 8 ms
CMP network time: 895 ms
CMP saving certificate to flash: 6 ms
CMP command executed successfully
Trying for the 96 time to execute the command
CMP build command time: 1 ms
CMP parsing command time: 9 ms
CMP network time: 836 ms
CMP saving certificate to flash: 7 ms
CMP command executed successfully
Trying for the 97 time to execute the command
CMP build command time: 1 ms
CMP parsing command time: 9 ms
CMP network time: 839 ms
CMP saving certificate to flash: 7 ms
CMP command executed successfully
Trying for the 98 time to execute the command
CMP build command time: 1 ms
CMP parsing command time: 7 ms
CMP network time: 803 ms
CMP saving certificate to flash: 9 ms
CMP command executed successfully
Trying for the 99 time to execute the command
CMP build command time: 1 ms
CMP parsing command time: 8 ms
CMP network time: 967 ms
CMP saving certificate to flash: 7 ms
CMP command executed successfully
Trying for the 100 time to execute the command
CMP build command time: 1 ms
CMP parsing command time: 7 ms
CMP network time: 956 ms
CMP saving certificate to flash: 8 ms
CMP command executed successfully
