Trying for the 1 time to execute the command
CMP build command time: 1 ms
CMP parsing command time: 23 ms
CMP network time: 1675 ms
CMP saving certificate to flash: 14 ms
CMP command executed successfully
Trying for the 2 time to execute the command
CMP build command time: 1 ms
CMP parsing command time: 15 ms
CMP network time: 1163 ms
CMP saving certificate to flash: 14 ms
CMP command executed successfully
Trying for the 3 time to execute the command
CMP build command time: 2 ms
CMP parsing command time: 20 ms
CMP network time: 1136 ms
CMP saving certificate to flash: 14 ms
CMP command executed successfully
Trying for the 4 time to execute the command
CMP build command time: 1 ms
CMP parsing command time: 19 ms
CMP network time: 1196 ms
CMP saving certificate to flash: 14 ms
CMP command executed successfully
Trying for the 5 time to execute the command
CMP build command time: 1 ms
CMP parsing command time: 17 ms
CMP network time: 1145 ms
CMP saving certificate to flash: 14 ms
CMP command executed successfully
Trying for the 6 time to execute the command
CMP build command time: 1 ms
CMP parsing command time: 15 ms
CMP network time: 1202 ms
CMP saving certificate to flash: 14 ms
CMP command executed successfully
Trying for the 7 time to execute the command
CMP build command time: 1 ms
CMP parsing command time: 21 ms
CMP network time: 1221 ms
CMP saving certificate to flash: 15 ms
CMP command executed successfully
Trying for the 8 time to execute the command
CMP build command time: 1 ms
CMP parsing command time: 18 ms
CMP network time: 1747 ms
CMP saving certificate to flash: 14 ms
CMP command executed successfully
Trying for the 9 time to execute the command
CMP build command time: 1 ms
CMP parsing command time: 14 ms
CMP network time: 1173 ms
CMP saving certificate to flash: 14 ms
CMP command executed successfully
Trying for the 10 time to execute the command
CMP build command time: 2 ms
CMP parsing command time: 15 ms
CMP network time: 1173 ms
CMP saving certificate to flash: 15 ms
CMP command executed successfully
Trying for the 11 time to execute the command
CMP build command time: 2 ms
CMP parsing command time: 14 ms
CMP network time: 1651 ms
CMP saving certificate to flash: 15 ms
CMP command executed successfully
Trying for the 12 time to execute the command
CMP build command time: 1 ms
CMP parsing command time: 18 ms
CMP network time: 1321 ms
CMP saving certificate to flash: 15 ms
CMP command executed successfully
Trying for the 13 time to execute the command
CMP build command time: 2 ms
CMP parsing command time: 19 ms
CMP network time: 1145 ms
CMP saving certificate to flash: 15 ms
CMP command executed successfully
Trying for the 14 time to execute the command
CMP build command time: 2 ms
CMP parsing command time: 21 ms
CMP network time: 1156 ms
CMP saving certificate to flash: 15 ms
CMP command executed successfully
Trying for the 15 time to execute the command
CMP build command time: 1 ms
CMP parsing command time: 14 ms
CMP network time: 1152 ms
CMP saving certificate to flash: 14 ms
CMP command executed successfully
Trying for the 16 time to execute the command
CMP build command time: 2 ms
CMP parsing command time: 14 ms
CMP network time: 1296 ms
CMP saving certificate to flash: 14 ms
CMP command executed successfully
Trying for the 17 time to execute the command
CMP build command time: 1 ms
CMP parsing command time: 20 ms
CMP network time: 1156 ms
CMP saving certificate to flash: 15 ms
CMP command executed successfully
Trying for the 18 time to execute the command
CMP build command time: 1 ms
CMP parsing command time: 19 ms
CMP network time: 1173 ms
CMP saving certificate to flash: 15 ms
CMP command executed successfully
Trying for the 19 time to execute the command
CMP build command time: 1 ms
CMP parsing command time: 21 ms
CMP network time: 1154 ms
CMP saving certificate to flash: 15 ms
CMP command executed successfully
Trying for the 20 time to execute the command
CMP build command time: 1 ms
CMP parsing command time: 14 ms
CMP network time: 1217 ms
CMP saving certificate to flash: 14 ms
CMP command executed successfully
Trying for the 21 time to execute the command
CMP build command time: 2 ms
CMP parsing command time: 21 ms
CMP network time: 1181 ms
CMP saving certificate to flash: 16 ms
CMP command executed successfully
Trying for the 22 time to execute the command
CMP build command time: 2 ms
CMP parsing command time: 18 ms
CMP network time: 1161 ms
CMP saving certificate to flash: 15 ms
CMP command executed successfully
Trying for the 23 time to execute the command
CMP build command time: 2 ms
CMP parsing command time: 21 ms
CMP network time: 1186 ms
CMP saving certificate to flash: 15 ms
CMP command executed successfully
Trying for the 24 time to execute the command
CMP build command time: 5 ms
CMP parsing command time: 21 ms
CMP network time: 1164 ms
CMP saving certificate to flash: 15 ms
CMP command executed successfully
Trying for the 25 time to execute the command
CMP build command time: 1 ms
CMP parsing command time: 21 ms
CMP network time: 1145 ms
CMP saving certificate to flash: 14 ms
CMP command executed successfully
Trying for the 26 time to execute the command
CMP build command time: 1 ms
CMP parsing command time: 14 ms
CMP network time: 1165 ms
CMP saving certificate to flash: 14 ms
CMP command executed successfully
Trying for the 27 time to execute the command
CMP build command time: 1 ms
CMP parsing command time: 15 ms
CMP network time: 1187 ms
CMP saving certificate to flash: 14 ms
CMP command executed successfully
Trying for the 28 time to execute the command
CMP build command time: 1 ms
CMP parsing command time: 18 ms
CMP network time: 1177 ms
CMP saving certificate to flash: 14 ms
CMP command executed successfully
Trying for the 29 time to execute the command
CMP build command time: 1 ms
CMP parsing command time: 20 ms
CMP network time: 1420 ms
CMP saving certificate to flash: 15 ms
CMP command executed successfully
Trying for the 30 time to execute the command
CMP build command time: 1 ms
CMP parsing command time: 19 ms
CMP network time: 1150 ms
CMP saving certificate to flash: 15 ms
CMP command executed successfully
Trying for the 31 time to execute the command
CMP build command time: 1 ms
CMP parsing command time: 14 ms
CMP network time: 1150 ms
CMP saving certificate to flash: 14 ms
CMP command executed successfully
Trying for the 32 time to execute the command
CMP build command time: 1 ms
CMP parsing command time: 21 ms
CMP network time: 1172 ms
CMP saving certificate to flash: 15 ms
CMP command executed successfully
Trying for the 33 time to execute the command
CMP build command time: 1 ms
CMP parsing command time: 17 ms
CMP network time: 1323 ms
CMP saving certificate to flash: 15 ms
CMP command executed successfully
Trying for the 34 time to execute the command
CMP build command time: 1 ms
CMP parsing command time: 15 ms
CMP network time: 1841 ms
CMP saving certificate to flash: 15 ms
CMP command executed successfully
Trying for the 35 time to execute the command
CMP build command time: 1 ms
CMP parsing command time: 15 ms
CMP network time: 1171 ms
CMP saving certificate to flash: 15 ms
CMP command executed successfully
Trying for the 36 time to execute the command
CMP build command time: 1 ms
CMP parsing command time: 18 ms
CMP network time: 1176 ms
CMP saving certificate to flash: 14 ms
CMP command executed successfully
Trying for the 37 time to execute the command
CMP build command time: 1 ms
CMP parsing command time: 15 ms
CMP network time: 1500 ms
CMP saving certificate to flash: 15 ms
CMP command executed successfully
Trying for the 38 time to execute the command
CMP build command time: 3 ms
CMP parsing command time: 21 ms
CMP network time: 1453 ms
CMP saving certificate to flash: 14 ms
CMP command executed successfully
Trying for the 39 time to execute the command
CMP build command time: 1 ms
CMP parsing command time: 23 ms
CMP network time: 1815 ms
CMP saving certificate to flash: 15 ms
CMP command executed successfully
Trying for the 40 time to execute the command
CMP build command time: 1 ms
CMP parsing command time: 23 ms
CMP network time: 1801 ms
CMP saving certificate to flash: 15 ms
CMP command executed successfully
Trying for the 41 time to execute the command
CMP build command time: 1 ms
CMP parsing command time: 25 ms
CMP network time: 1670 ms
CMP saving certificate to flash: 15 ms
CMP command executed successfully
Trying for the 42 time to execute the command
CMP build command time: 2 ms
CMP parsing command time: 22 ms
CMP network time: 1759 ms
CMP saving certificate to flash: 15 ms
CMP command executed successfully
Trying for the 43 time to execute the command
CMP build command time: 2 ms
CMP parsing command time: 34 ms
CMP network time: 1724 ms
CMP saving certificate to flash: 38 ms
CMP command executed successfully
Trying for the 44 time to execute the command
CMP build command time: 1 ms
CMP parsing command time: 15 ms
CMP network time: 1333 ms
CMP saving certificate to flash: 15 ms
CMP command executed successfully
Trying for the 45 time to execute the command
CMP build command time: 2 ms
CMP parsing command time: 15 ms
CMP network time: 1334 ms
CMP saving certificate to flash: 14 ms
CMP command executed successfully
Trying for the 46 time to execute the command
CMP build command time: 1 ms
CMP parsing command time: 15 ms
CMP network time: 2008 ms
CMP saving certificate to flash: 15 ms
CMP command executed successfully
Trying for the 47 time to execute the command
CMP build command time: 2 ms
CMP parsing command time: 20 ms
CMP network time: 1336 ms
CMP saving certificate to flash: 14 ms
CMP command executed successfully
Trying for the 48 time to execute the command
CMP build command time: 1 ms
CMP parsing command time: 15 ms
CMP network time: 1508 ms
CMP saving certificate to flash: 14 ms
CMP command executed successfully
Trying for the 49 time to execute the command
CMP build command time: 1 ms
CMP parsing command time: 39 ms
CMP network time: 1333 ms
CMP saving certificate to flash: 15 ms
CMP command executed successfully
Trying for the 50 time to execute the command
CMP build command time: 2 ms
CMP parsing command time: 19 ms
CMP network time: 1314 ms
CMP saving certificate to flash: 48 ms
CMP command executed successfully
Trying for the 51 time to execute the command
CMP build command time: 1 ms
CMP parsing command time: 15 ms
CMP network time: 1311 ms
CMP saving certificate to flash: 16 ms
CMP command execution successfully
Trying for the 52 time to execute the command
CMP build command time: 2 ms
CMP parsing command time: 26 ms
CMP network time: 1647 ms
CMP saving certificate to flash: 15 ms
CMP command executed successfully
Trying for the 53 time to execute the command
CMP build command time: 1 ms
CMP parsing command time: 15 ms
CMP network time: 1337 ms
CMP saving certificate to flash: 14 ms
CMP command executed successfully
Trying for the 54 time to execute the command
CMP build command time: 2 ms
CMP parsing command time: 15 ms
CMP network time: 1233 ms
CMP saving certificate to flash: 16 ms
CMP command executed successfully
Trying for the 55 time to execute the command
CMP build command time: 1 ms
CMP parsing command time: 19 ms
CMP network time: 1222 ms
CMP saving certificate to flash: 18 ms
CMP command execution successfully
Trying for the 56 time to execute the command
CMP build command time: 1 ms
CMP parsing command time: 14 ms
CMP network time: 1250 ms
CMP saving certificate to flash: 20 ms
CMP command execution successfully
Trying for the 57 time to execute the command
CMP build command time: 1 ms
CMP parsing command time: 66 ms
CMP network time: 1700 ms
CMP saving certificate to flash: 15 ms
CMP command executed successfully
Trying for the 58 time to execute the command
CMP build command time: 2 ms
CMP parsing command time: 20 ms
CMP network time: 1495 ms
CMP saving certificate to flash: 14 ms
CMP command executed successfully
Trying for the 59 time to execute the command
CMP build command time: 1 ms
CMP parsing command time: 15 ms
CMP network time: 1490 ms
CMP saving certificate to flash: 15 ms
CMP command executed successfully
Trying for the 60 time to execute the command
CMP build command time: 2 ms
CMP parsing command time: 14 ms
CMP network time: 2105 ms
CMP saving certificate to flash: 15 ms
CMP command executed successfully
Trying for the 61 time to execute the command
CMP build command time: 2 ms
CMP parsing command time: 15 ms
CMP network time: 1411 ms
CMP saving certificate to flash: 14 ms
CMP command executed successfully
Trying for the 62 time to execute the command
CMP build command time: 2 ms
CMP parsing command time: 21 ms
CMP network time: 1523 ms
CMP saving certificate to flash: 15 ms
CMP command executed successfully
Trying for the 63 time to execute the command
CMP build command time: 2 ms
CMP parsing command time: 15 ms
CMP network time: 1317 ms
CMP saving certificate to flash: 16 ms
CMP command executed successfully
Trying for the 64 time to execute the command
CMP build command time: 2 ms
CMP parsing command time: 21 ms
CMP network time: 1344 ms
CMP saving certificate to flash: 15 ms
CMP command executed successfully
Trying for the 65 time to execute the command
CMP build command time: 1 ms
CMP parsing command time: 14 ms
CMP network time: 1335 ms
CMP saving certificate to flash: 15 ms
CMP command executed successfully
Trying for the 66 time to execute the command
CMP build command time: 2 ms
CMP parsing command time: 15 ms
CMP network time: 1518 ms
CMP saving certificate to flash: 15 ms
CMP command executed successfully
Trying for the 67 time to execute the command
CMP build command time: 1 ms
CMP parsing command time: 15 ms
CMP network time: 1569 ms
CMP saving certificate to flash: 14 ms
CMP command executed successfully
Trying for the 68 time to execute the command
CMP build command time: 1 ms
CMP parsing command time: 17 ms
CMP network time: 1344 ms
CMP saving certificate to flash: 14 ms
CMP command executed successfully
Trying for the 69 time to execute the command
CMP build command time: 1 ms
CMP parsing command time: 18 ms
CMP network time: 1404 ms
CMP saving certificate to flash: 15 ms
CMP command executed successfully
Trying for the 70 time to execute the command
CMP build command time: 1 ms
CMP parsing command time: 17 ms
CMP network time: 1174 ms
CMP saving certificate to flash: 15 ms
CMP command executed successfully
Trying for the 71 time to execute the command
CMP build command time: 1 ms
CMP parsing command time: 17 ms
CMP network time: 1264 ms
CMP saving certificate to flash: 15 ms
CMP command executed successfully
Trying for the 72 time to execute the command
CMP build command time: 1 ms
CMP parsing command time: 21 ms
CMP network time: 1765 ms
CMP saving certificate to flash: 15 ms
CMP command executed successfully
Trying for the 73 time to execute the command
CMP build command time: 1 ms
CMP parsing command time: 15 ms
CMP network time: 1314 ms
CMP saving certificate to flash: 15 ms
CMP command executed successfully
Trying for the 74 time to execute the command
CMP build command time: 2 ms
CMP parsing command time: 15 ms
CMP network time: 1416 ms
CMP saving certificate to flash: 14 ms
CMP command executed successfully
Trying for the 75 time to execute the command
CMP build command time: 1 ms
CMP parsing command time: 20 ms
CMP network time: 1604 ms
CMP saving certificate to flash: 15 ms
CMP command executed successfully
Trying for the 76 time to execute the command
CMP build command time: 1 ms
CMP parsing command time: 31 ms
CMP network time: 7039 ms
CMP saving certificate to flash: 97 ms
CMP command executed successfully
Trying for the 77 time to execute the command
CMP build command time: 1 ms
CMP parsing command time: 15 ms
CMP network time: 4151 ms
CMP saving certificate to flash: 33 ms
CMP command executed successfully
Trying for the 78 time to execute the command
CMP build command time: 1 ms
CMP parsing command time: 20 ms
CMP network time: 1839 ms
CMP saving certificate to flash: 15 ms
CMP command executed successfully
Trying for the 79 time to execute the command
CMP build command time: 1 ms
CMP parsing command time: 15 ms
CMP network time: 1168 ms
CMP saving certificate to flash: 14 ms
CMP command executed successfully
Trying for the 80 time to execute the command
CMP build command time: 1 ms
CMP parsing command time: 15 ms
CMP network time: 1802 ms
CMP saving certificate to flash: 15 ms
CMP command executed successfully
Trying for the 81 time to execute the command
CMP build command time: 1 ms
CMP parsing command time: 21 ms
CMP network time: 1356 ms
CMP saving certificate to flash: 15 ms
CMP command executed successfully
Trying for the 82 time to execute the command
CMP build command time: 2 ms
CMP parsing command time: 14 ms
CMP network time: 1197 ms
CMP saving certificate to flash: 14 ms
CMP command executed successfully
Trying for the 83 time to execute the command
CMP build command time: 1 ms
CMP parsing command time: 20 ms
CMP network time: 1821 ms
CMP saving certificate to flash: 15 ms
CMP command executed successfully
Trying for the 84 time to execute the command
CMP build command time: 1 ms
CMP parsing command time: 14 ms
CMP network time: 1357 ms
CMP saving certificate to flash: 15 ms
CMP command executed successfully
Trying for the 85 time to execute the command
CMP build command time: 1 ms
CMP parsing command time: 16 ms
CMP network time: 1355 ms
CMP saving certificate to flash: 15 ms
CMP command executed successfully
Trying for the 86 time to execute the command
CMP build command time: 1 ms
CMP parsing command time: 16 ms
CMP network time: 1383 ms
CMP saving certificate to flash: 14 ms
CMP command executed successfully
Trying for the 87 time to execute the command
CMP build command time: 1 ms
CMP parsing command time: 17 ms
CMP network time: 1186 ms
CMP saving certificate to flash: 15 ms
CMP command executed successfully
Trying for the 88 time to execute the command
CMP build command time: 1 ms
CMP parsing command time: 14 ms
CMP network time: 1399 ms
CMP saving certificate to flash: 15 ms
CMP command executed successfully
Trying for the 89 time to execute the command
CMP build command time: 1 ms
CMP parsing command time: 17 ms
CMP network time: 1401 ms
CMP saving certificate to flash: 14 ms
CMP command executed successfully
Trying for the 90 time to execute the command
CMP build command time: 1 ms
CMP parsing command time: 17 ms
CMP network time: 1369 ms
CMP saving certificate to flash: 15 ms
CMP command executed successfully
Trying for the 91 time to execute the command
CMP build command time: 1 ms
CMP parsing command time: 17 ms
CMP network time: 1236 ms
CMP saving certificate to flash: 14 ms
CMP command executed successfully
Trying for the 92 time to execute the command
CMP build command time: 1 ms
CMP parsing command time: 14 ms
CMP network time: 1755 ms
CMP saving certificate to flash: 16 ms
CMP command executed successfully
Trying for the 93 time to execute the command
CMP build command time: 1 ms
CMP parsing command time: 15 ms
CMP network time: 1197 ms
CMP saving certificate to flash: 14 ms
CMP command executed successfully
Trying for the 94 time to execute the command
CMP build command time: 1 ms
CMP parsing command time: 18 ms
CMP network time: 1324 ms
CMP saving certificate to flash: 14 ms
CMP command executed successfully
Trying for the 95 time to execute the command
CMP build command time: 1 ms
CMP parsing command time: 14 ms
CMP network time: 1157 ms
CMP saving certificate to flash: 14 ms
CMP command executed successfully
Trying for the 96 time to execute the command
CMP build command time: 1 ms
CMP parsing command time: 15 ms
CMP network time: 1339 ms
CMP saving certificate to flash: 15 ms
CMP command executed successfully
Trying for the 97 time to execute the command
CMP build command time: 1 ms
CMP parsing command time: 16 ms
CMP network time: 1338 ms
CMP saving certificate to flash: 14 ms
CMP command executed successfully
Trying for the 98 time to execute the command
CMP build command time: 1 ms
CMP parsing command time: 40 ms
CMP network time: 1162 ms
CMP saving certificate to flash: 16 ms
CMP command executed successfully
Trying for the 99 time to execute the command
CMP build command time: 1 ms
CMP parsing command time: 15 ms
CMP network time: 1148 ms
CMP saving certificate to flash: 16 ms
CMP command executed successfully
Trying for the 100 time to execute the command
CMP build command time: 4 ms
CMP parsing command time: 21 ms
CMP network time: 1315 ms
CMP saving certificate to flash: 14 ms
CMP command executed successfully

*