Trying for the 1 time to execute the command
CMP build command time: 1 ms
CMP parsing command time: 82 ms
CMP network time: 1806 ms
CMP saving certificate to flash: 25 ms
CMP command executed successfully
Trying for the 2 time to execute the command
CMP build command time: 1 ms
CMP parsing command time: 36 ms
CMP network time: 1665 ms
CMP saving certificate to flash: 14 ms
CMP command executed successfully
Trying for the 3 time to execute the command
CMP build command time: 2 ms
CMP parsing command time: 37 ms
CMP network time: 1771 ms
CMP saving certificate to flash: 15 ms
CMP command executed successfully
Trying for the 4 time to execute the command
CMP build command time: 1 ms
CMP parsing command time: 37 ms
CMP network time: 1515 ms
CMP saving certificate to flash: 14 ms
CMP command executed successfully
Trying for the 5 time to execute the command
CMP build command time: 1 ms
CMP parsing command time: 36 ms
CMP network time: 1518 ms
CMP saving certificate to flash: 14 ms
CMP command executed successfully
Trying for the 6 time to execute the command
CMP build command time: 1 ms
CMP parsing command time: 36 ms
CMP network time: 1598 ms
CMP saving certificate to flash: 14 ms
CMP command executed successfully
Trying for the 7 time to execute the command
CMP build command time: 1 ms
CMP parsing command time: 36 ms
CMP network time: 1488 ms
CMP saving certificate to flash: 16 ms
CMP command executed successfully
Trying for the 8 time to execute the command
CMP build command time: 2 ms
CMP parsing command time: 37 ms
CMP network time: 1502 ms
CMP saving certificate to flash: 14 ms
CMP command executed successfully
Trying for the 9 time to execute the command
CMP build command time: 1 ms
CMP parsing command time: 36 ms
CMP network time: 1460 ms
CMP saving certificate to flash: 15 ms
CMP command executed successfully
Trying for the 10 time to execute the command
CMP build command time: 1 ms
CMP parsing command time: 36 ms
CMP network time: 1474 ms
CMP saving certificate to flash: 15 ms
CMP command executed successfully
Trying for the 11 time to execute the command
CMP build command time: 2 ms
CMP parsing command time: 36 ms
CMP network time: 1650 ms
CMP saving certificate to flash: 15 ms
CMP command executed successfully
Trying for the 12 time to execute the command
CMP build command time: 2 ms
CMP parsing command time: 36 ms
CMP network time: 1604 ms
CMP saving certificate to flash: 14 ms
CMP command executed successfully
Trying for the 13 time to execute the command
CMP build command time: 1 ms
CMP parsing command time: 36 ms
CMP network time: 1626 ms
CMP saving certificate to flash: 28 ms
CMP command executed successfully
Trying for the 14 time to execute the command
CMP build command time: 1 ms
CMP parsing command time: 38 ms
CMP network time: 1661 ms
CMP saving certificate to flash: 14 ms
CMP command executed successfully
Trying for the 15 time to execute the command
CMP build command time: 2 ms
CMP parsing command time: 37 ms
CMP network time: 1690 ms
CMP saving certificate to flash: 15 ms
CMP command executed successfully
Trying for the 16 time to execute the command
CMP build command time: 1 ms
CMP parsing command time: 37 ms
CMP network time: 1979 ms
CMP saving certificate to flash: 14 ms
CMP command executed successfully
Trying for the 17 time to execute the command
CMP build command time: 2 ms
CMP parsing command time: 36 ms
CMP network time: 1537 ms
CMP saving certificate to flash: 15 ms
CMP command executed successfully
Trying for the 18 time to execute the command
CMP build command time: 1 ms
CMP parsing command time: 36 ms
CMP network time: 1615 ms
CMP saving certificate to flash: 16 ms
CMP command executed successfully
Trying for the 19 time to execute the command
CMP build command time: 1 ms
CMP parsing command time: 36 ms
CMP network time: 1465 ms
CMP saving certificate to flash: 14 ms
CMP command executed successfully
Trying for the 20 time to execute the command
CMP build command time: 1 ms
CMP parsing command time: 37 ms
CMP network time: 1571 ms
CMP saving certificate to flash: 14 ms
CMP command executed successfully
Trying for the 21 time to execute the command
CMP build command time: 1 ms
CMP parsing command time: 36 ms
CMP network time: 1635 ms
CMP saving certificate to flash: 14 ms
CMP command executed successfully
Trying for the 22 time to execute the command
CMP build command time: 2 ms
CMP parsing command time: 36 ms
CMP network time: 1622 ms
CMP saving certificate to flash: 15 ms
CMP command executed successfully
Trying for the 23 time to execute the command
CMP build command time: 1 ms
CMP parsing command time: 36 ms
CMP network time: 1690 ms
CMP saving certificate to flash: 15 ms
CMP command executed successfully
Trying for the 24 time to execute the command
CMP build command time: 2 ms
CMP parsing command time: 36 ms
CMP network time: 1621 ms
CMP saving certificate to flash: 14 ms
CMP command executed successfully
Trying for the 25 time to execute the command
CMP build command time: 1 ms
CMP parsing command time: 36 ms
CMP network time: 1570 ms
CMP saving certificate to flash: 15 ms
CMP command executed successfully
Trying for the 26 time to execute the command
CMP build command time: 1 ms
CMP parsing command time: 36 ms
CMP network time: 1507 ms
CMP saving certificate to flash: 27 ms
CMP command executed successfully
Trying for the 27 time to execute the command
CMP build command time: 1 ms
CMP parsing command time: 36 ms
CMP network time: 1526 ms
CMP saving certificate to flash: 15 ms
CMP command executed successfully
Trying for the 28 time to execute the command
CMP build command time: 1 ms
CMP parsing command time: 36 ms
CMP network time: 1504 ms
CMP saving certificate to flash: 15 ms
CMP command executed successfully
Trying for the 29 time to execute the command
CMP build command time: 1 ms
CMP parsing command time: 36 ms
CMP network time: 1486 ms
CMP saving certificate to flash: 16 ms
CMP command executed successfully
Trying for the 30 time to execute the command
CMP build command time: 1 ms
CMP parsing command time: 37 ms
CMP network time: 1506 ms
CMP saving certificate to flash: 14 ms
CMP command executed successfully
Trying for the 31 time to execute the command
CMP build command time: 1 ms
CMP parsing command time: 35 ms
CMP network time: 1503 ms
CMP saving certificate to flash: 15 ms
CMP command executed successfully
Trying for the 32 time to execute the command
CMP build command time: 2 ms
CMP parsing command time: 36 ms
CMP network time: 1670 ms
CMP saving certificate to flash: 25 ms
CMP command executed successfully
Trying for the 33 time to execute the command
CMP build command time: 1 ms
CMP parsing command time: 36 ms
CMP network time: 1721 ms
CMP saving certificate to flash: 15 ms
CMP command executed successfully
Trying for the 34 time to execute the command
CMP build command time: 1 ms
CMP parsing command time: 37 ms
CMP network time: 1740 ms
CMP saving certificate to flash: 15 ms
CMP command executed successfully
Trying for the 35 time to execute the command
CMP build command time: 1 ms
CMP parsing command time: 36 ms
CMP network time: 1618 ms
CMP saving certificate to flash: 15 ms
CMP command executed successfully
Trying for the 36 time to execute the command
CMP build command time: 2 ms
CMP parsing command time: 36 ms
CMP network time: 1607 ms
CMP saving certificate to flash: 16 ms
CMP command executed successfully
Trying for the 37 time to execute the command
CMP build command time: 1 ms
CMP parsing command time: 36 ms
CMP network time: 2109 ms
CMP saving certificate to flash: 15 ms
CMP command executed successfully
Trying for the 38 time to execute the command
CMP build command time: 1 ms
CMP parsing command time: 36 ms
CMP network time: 1987 ms
CMP saving certificate to flash: 15 ms
CMP command executed successfully
Trying for the 39 time to execute the command
CMP build command time: 2 ms
CMP parsing command time: 37 ms
CMP network time: 1652 ms
CMP saving certificate to flash: 15 ms
CMP command executed successfully
Trying for the 40 time to execute the command
CMP build command time: 1 ms
CMP parsing command time: 37 ms
CMP network time: 2165 ms
CMP saving certificate to flash: 15 ms
CMP command executed successfully
Trying for the 41 time to execute the command
CMP build command time: 2 ms
CMP parsing command time: 36 ms
CMP network time: 1501 ms
CMP saving certificate to flash: 14 ms
CMP command executed successfully
Trying for the 42 time to execute the command
CMP build command time: 1 ms
CMP parsing command time: 36 ms
CMP network time: 1464 ms
CMP saving certificate to flash: 25 ms
CMP command executed successfully
Trying for the 43 time to execute the command
CMP build command time: 1 ms
CMP parsing command time: 36 ms
CMP network time: 1465 ms
CMP saving certificate to flash: 26 ms
CMP command execution successfully
Trying for the 44 time to execute the command
CMP build command time: 1 ms
CMP parsing command time: 30 ms
CMP network time: 1822 ms
CMP saving certificate to flash: 14 ms
CMP command executed successfully
Trying for the 45 time to execute the command
CMP build command time: 1 ms
CMP parsing command time: 31 ms
CMP network time: 1861 ms
CMP saving certificate to flash: 15 ms
CMP command executed successfully
Trying for the 46 time to execute the command
CMP build command time: 2 ms
CMP parsing command time: 35 ms
CMP network time: 1910 ms
CMP saving certificate to flash: 14 ms
CMP command executed successfully
Trying for the 47 time to execute the command
CMP build command time: 1 ms
CMP parsing command time: 36 ms
CMP network time: 1985 ms
CMP saving certificate to flash: 14 ms
CMP command executed successfully
Trying for the 48 time to execute the command
CMP build command time: 1 ms
CMP parsing command time: 30 ms
CMP network time: 1966 ms
CMP saving certificate to flash: 15 ms
CMP command executed successfully
Trying for the 49 time to execute the command
CMP build command time: 2 ms
CMP parsing command time: 56 ms
CMP network time: 1801 ms
CMP saving certificate to flash: 15 ms
CMP command executed successfully
Trying for the 50 time to execute the command
CMP build command time: 1 ms
CMP parsing command time: 36 ms
CMP network time: 1781 ms
CMP saving certificate to flash: 14 ms
CMP command executed successfully
Trying for the 51 time to execute the command
CMP build command time: 1 ms
CMP parsing command time: 37 ms
CMP network time: 1795 ms
CMP saving certificate to flash: 15 ms
CMP command executed successfully
Trying for the 52 time to execute the command
CMP build command time: 2 ms
CMP parsing command time: 38 ms
CMP network time: 1940 ms
CMP saving certificate to flash: 14 ms
CMP command executed successfully
Trying for the 53 time to execute the command
CMP build command time: 2 ms
CMP parsing command time: 38 ms
CMP network time: 1949 ms
CMP saving certificate to flash: 15 ms
CMP command executed successfully
Trying for the 54 time to execute the command
CMP build command time: 1 ms
CMP parsing command time: 37 ms
CMP network time: 1988 ms
CMP saving certificate to flash: 15 ms
CMP command executed successfully
Trying for the 55 time to execute the command
CMP build command time: 1 ms
CMP parsing command time: 36 ms
CMP network time: 1913 ms
CMP saving certificate to flash: 15 ms
CMP command executed successfully
Trying for the 56 time to execute the command
CMP build command time: 1 ms
CMP parsing command time: 37 ms
CMP network time: 1790 ms
CMP saving certificate to flash: 16 ms
CMP command executed successfully
Trying for the 57 time to execute the command
CMP build command time: 2 ms
CMP parsing command time: 37 ms
CMP network time: 1909 ms
CMP saving certificate to flash: 17 ms
CMP command executed successfully
Trying for the 58 time to execute the command
CMP build command time: 1 ms
CMP parsing command time: 33 ms
CMP network time: 1992 ms
CMP saving certificate to flash: 15 ms
CMP command executed successfully
Trying for the 59 time to execute the command
CMP build command time: 1 ms
CMP parsing command time: 36 ms
CMP network time: 2075 ms
CMP saving certificate to flash: 14 ms
CMP command executed successfully
Trying for the 60 time to execute the command
CMP build command time: 2 ms
CMP parsing command time: 34 ms
CMP network time: 1908 ms
CMP saving certificate to flash: 15 ms
CMP command executed successfully
Trying for the 61 time to execute the command
CMP build command time: 1 ms
CMP parsing command time: 36 ms
CMP network time: 1750 ms
CMP saving certificate to flash: 14 ms
CMP command executed successfully
Trying for the 62 time to execute the command
CMP build command time: 1 ms
CMP parsing command time: 31 ms
CMP network time: 1918 ms
CMP saving certificate to flash: 14 ms
CMP command executed successfully
Trying for the 63 time to execute the command
CMP build command time: 1 ms
CMP parsing command time: 37 ms
CMP network time: 1936 ms
CMP saving certificate to flash: 15 ms
CMP command executed successfully
Trying for the 64 time to execute the command
CMP build command time: 2 ms
CMP parsing command time: 34 ms
CMP network time: 1936 ms
CMP saving certificate to flash: 15 ms
CMP command executed successfully
Trying for the 65 time to execute the command
CMP build command time: 2 ms
CMP parsing command time: 50 ms
CMP network time: 1780 ms
CMP saving certificate to flash: 14 ms
CMP command executed successfully
Trying for the 66 time to execute the command
CMP build command time: 1 ms
CMP parsing command time: 47 ms
CMP network time: 1459 ms
CMP saving certificate to flash: 15 ms
CMP command executed successfully
Trying for the 67 time to execute the command
CMP build command time: 1 ms
CMP parsing command time: 37 ms
CMP network time: 1438 ms
CMP saving certificate to flash: 14 ms
CMP command executed successfully
Trying for the 68 time to execute the command
CMP build command time: 1 ms
CMP parsing command time: 47 ms
CMP network time: 1548 ms
CMP saving certificate to flash: 14 ms
CMP command executed successfully
Trying for the 69 time to execute the command
CMP build command time: 1 ms
CMP parsing command time: 37 ms
CMP network time: 1959 ms
CMP saving certificate to flash: 14 ms
CMP command executed successfully
Trying for the 70 time to execute the command
CMP build command time: 1 ms
CMP parsing command time: 35 ms
CMP network time: 1621 ms
CMP saving certificate to flash: 17 ms
CMP command executed successfully
Trying for the 71 time to execute the command
CMP build command time: 2 ms
CMP parsing command time: 36 ms
CMP network time: 1655 ms
CMP saving certificate to flash: 15 ms
CMP command executed successfully
Trying for the 72 time to execute the command
CMP build command time: 1 ms
CMP parsing command time: 36 ms
CMP network time: 1745 ms
CMP saving certificate to flash: 15 ms
CMP command executed successfully
Trying for the 73 time to execute the command
CMP build command time: 1 ms
CMP parsing command time: 36 ms
CMP network time: 1680 ms
CMP saving certificate to flash: 14 ms
CMP command executed successfully
Trying for the 74 time to execute the command
CMP build command time: 2 ms
CMP parsing command time: 46 ms
CMP network time: 1630 ms
CMP saving certificate to flash: 14 ms
CMP command executed successfully
Trying for the 75 time to execute the command
CMP build command time: 2 ms
CMP parsing command time: 35 ms
CMP network time: 1469 ms
CMP saving certificate to flash: 14 ms
CMP command executed successfully
Trying for the 76 time to execute the command
CMP build command time: 2 ms
CMP parsing command time: 37 ms
CMP network time: 1467 ms
CMP saving certificate to flash: 14 ms
CMP command executed successfully
Trying for the 77 time to execute the command
CMP build command time: 2 ms
CMP parsing command time: 36 ms
CMP network time: 1506 ms
CMP saving certificate to flash: 14 ms
CMP command executed successfully
Trying for the 78 time to execute the command
CMP build command time: 2 ms
CMP parsing command time: 47 ms
CMP network time: 1444 ms
CMP saving certificate to flash: 14 ms
CMP command executed successfully
Trying for the 79 time to execute the command
CMP build command time: 1 ms
CMP parsing command time: 36 ms
CMP network time: 1489 ms
CMP saving certificate to flash: 16 ms
CMP command executed successfully
Trying for the 80 time to execute the command
CMP build command time: 2 ms
CMP parsing command time: 37 ms
CMP network time: 1435 ms
CMP saving certificate to flash: 14 ms
CMP command executed successfully
Trying for the 81 time to execute the command
CMP build command time: 1 ms
CMP parsing command time: 36 ms
CMP network time: 1526 ms
CMP saving certificate to flash: 14 ms
CMP command executed successfully
Trying for the 82 time to execute the command
CMP build command time: 2 ms
CMP parsing command time: 36 ms
CMP network time: 1616 ms
CMP saving certificate to flash: 14 ms
CMP command executed successfully
Trying for the 83 time to execute the command
CMP build command time: 2 ms
CMP parsing command time: 37 ms
CMP network time: 1683 ms
CMP saving certificate to flash: 14 ms
CMP command executed successfully
Trying for the 84 time to execute the command
CMP build command time: 1 ms
CMP parsing command time: 36 ms
CMP network time: 1666 ms
CMP saving certificate to flash: 15 ms
CMP command executed successfully
Trying for the 85 time to execute the command
CMP build command time: 1 ms
CMP parsing command time: 28 ms
CMP network time: 1626 ms
CMP saving certificate to flash: 14 ms
CMP command executed successfully
Trying for the 86 time to execute the command
CMP build command time: 1 ms
CMP parsing command time: 37 ms
CMP network time: 1544 ms
CMP saving certificate to flash: 14 ms
CMP command executed successfully
Trying for the 87 time to execute the command
CMP build command time: 1 ms
CMP parsing command time: 36 ms
CMP network time: 1454 ms
CMP saving certificate to flash: 15 ms
CMP command executed successfully
Trying for the 88 time to execute the command
CMP build command time: 1 ms
CMP parsing command time: 36 ms
CMP network time: 1501 ms
CMP saving certificate to flash: 15 ms
CMP command executed successfully
Trying for the 89 time to execute the command
CMP build command time: 1 ms
CMP parsing command time: 36 ms
CMP network time: 1509 ms
CMP saving certificate to flash: 15 ms
CMP command executed successfully
Trying for the 90 time to execute the command
CMP build command time: 1 ms
CMP parsing command time: 36 ms
CMP network time: 1466 ms
CMP saving certificate to flash: 14 ms
CMP command executed successfully
Trying for the 91 time to execute the command
CMP build command time: 1 ms
CMP parsing command time: 37 ms
CMP network time: 2231 ms
CMP saving certificate to flash: 15 ms
CMP command executed successfully
Trying for the 92 time to execute the command
CMP build command time: 1 ms
CMP parsing command time: 36 ms
CMP network time: 2142 ms
CMP saving certificate to flash: 14 ms
CMP command executed successfully
Trying for the 93 time to execute the command
CMP build command time: 1 ms
CMP parsing command time: 36 ms
CMP network time: 1675 ms
CMP saving certificate to flash: 15 ms
CMP command executed successfully
Trying for the 94 time to execute the command
CMP build command time: 2 ms
CMP parsing command time: 36 ms
CMP network time: 1570 ms
CMP saving certificate to flash: 14 ms
CMP command executed successfully
Trying for the 95 time to execute the command
CMP build command time: 1 ms
CMP parsing command time: 34 ms
CMP network time: 1508 ms
CMP saving certificate to flash: 15 ms
CMP command executed successfully
Trying for the 96 time to execute the command
CMP build command time: 1 ms
CMP parsing command time: 36 ms
CMP network time: 1485 ms
CMP saving certificate to flash: 15 ms
CMP command executed successfully
Trying for the 97 time to execute the command
CMP build command time: 3 ms
CMP parsing command time: 36 ms
CMP network time: 1521 ms
CMP saving certificate to flash: 15 ms
CMP command executed successfully
Trying for the 98 time to execute the command
CMP build command time: 1 ms
CMP parsing command time: 38 ms
CMP network time: 1971 ms
CMP saving certificate to flash: 14 ms
CMP command executed successfully
Trying for the 99 time to execute the command
CMP build command time: 2 ms
CMP parsing command time: 37 ms
CMP network time: 2131 ms
CMP saving certificate to flash: 14 ms
CMP command executed successfully
Trying for the 100 time to execute the command
CMP build command time: 2 ms
CMP parsing command time: 38 ms
CMP network time: 1676 ms
CMP saving certificate to flash: 15 ms
CMP command executed successfully

*CL